Scenario 2: Concurrent Proposals
[S2] Starting members...
[S2] Proposing concurrently: M1 -> M1, M8 -> M8
[S2] Waiting for consensus...
[wait] consensus lines seen: 0 / 9
[wait] missing: M1 M2 M3 M4 M5 M6 M7 M8 M9
[wait] consensus lines seen: 0 / 9
[wait] missing: M1 M2 M3 M4 M5 M6 M7 M8 M9
[wait] consensus lines seen: 0 / 9
[wait] missing: M1 M2 M3 M4 M5 M6 M7 M8 M9
[wait] consensus lines seen: 0 / 9
[wait] missing: M1 M2 M3 M4 M5 M6 M7 M8 M9
[wait] consensus lines seen: 0 / 9
[wait] missing: M1 M2 M3 M4 M5 M6 M7 M8 M9
[wait] consensus lines seen: 0 / 9
[wait] missing: M1 M2 M3 M4 M5 M6 M7 M8 M9
[wait] consensus lines seen: 0 / 9
[wait] missing: M1 M2 M3 M4 M5 M6 M7 M8 M9
[wait] consensus lines seen: 0 / 9
[wait] missing: M1 M2 M3 M4 M5 M6 M7 M8 M9
[wait] consensus lines seen: 0 / 9
[wait] missing: M1 M2 M3 M4 M5 M6 M7 M8 M9
[wait] consensus lines seen: 0 / 9
[wait] missing: M1 M2 M3 M4 M5 M6 M7 M8 M9
[wait] consensus lines seen: 0 / 9
[wait] missing: M1 M2 M3 M4 M5 M6 M7 M8 M9
[wait] consensus lines seen: 0 / 9
[wait] missing: M1 M2 M3 M4 M5 M6 M7 M8 M9
[wait] consensus lines seen: 0 / 9
[wait] missing: M1 M2 M3 M4 M5 M6 M7 M8 M9
[wait] consensus lines seen: 0 / 9
[wait] missing: M1 M2 M3 M4 M5 M6 M7 M8 M9
[wait] consensus lines seen: 0 / 9
[wait] missing: M1 M2 M3 M4 M5 M6 M7 M8 M9
[wait] consensus lines seen: 0 / 9
[wait] missing: M1 M2 M3 M4 M5 M6 M7 M8 M9
[wait] consensus lines seen: 0 / 9
[wait] missing: M1 M2 M3 M4 M5 M6 M7 M8 M9
[wait] consensus lines seen: 0 / 9
[wait] missing: M1 M2 M3 M4 M5 M6 M7 M8 M9
[wait] consensus lines seen: 0 / 9
[wait] missing: M1 M2 M3 M4 M5 M6 M7 M8 M9
[wait] consensus lines seen: 0 / 9
[wait] missing: M1 M2 M3 M4 M5 M6 M7 M8 M9
[wait] consensus lines seen: 0 / 9
[wait] missing: M1 M2 M3 M4 M5 M6 M7 M8 M9
[wait] consensus lines seen: 0 / 9
[wait] missing: M1 M2 M3 M4 M5 M6 M7 M8 M9
[wait] consensus lines seen: 0 / 9
[wait] missing: M1 M2 M3 M4 M5 M6 M7 M8 M9
[wait] consensus lines seen: 0 / 9
[wait] missing: M1 M2 M3 M4 M5 M6 M7 M8 M9
[wait] consensus lines seen: 0 / 9
[wait] missing: M1 M2 M3 M4 M5 M6 M7 M8 M9
[wait] consensus lines seen: 0 / 9
[wait] missing: M1 M2 M3 M4 M5 M6 M7 M8 M9
[wait] consensus lines seen: 0 / 9
[wait] missing: M1 M2 M3 M4 M5 M6 M7 M8 M9
[wait] consensus lines seen: 0 / 9
[wait] missing: M1 M2 M3 M4 M5 M6 M7 M8 M9
[wait] consensus lines seen: 0 / 9
[wait] missing: M1 M2 M3 M4 M5 M6 M7 M8 M9
